---
title: "MySQLã‹ã‚‰TiDBã¸ç§»è¡Œã€œãƒ‡ãƒ¼ã‚¿ã®å·®åˆ†ãƒã‚§ãƒƒã‚¯&ä¿®æ­£ãƒ„ãƒ¼ãƒ«ï¼šsync-diff-inspectorã®ä½¿ã„æ–¹"
emoji: "ğŸ“š"
type: "tech" # tech: æŠ€è¡“è¨˜äº‹ / idea: ã‚¢ã‚¤ãƒ‡ã‚¢
topics: ["TiDB","MySQL"]
published: false
---
# ã¯ã˜ã‚ã«
ï¼’ã¤ã®åŒã˜ãƒ‡ãƒ¼ã‚¿ã‚’æŒã¤ã¯ãšã®DBåŒå£«ã‚’å®Ÿéš›ã«æ¯”è¼ƒã—ã¦ã¿ãŸã„ãªããƒ¼ã¨ã„ã†ã“ã¨ã¯ãªã„ã§ã—ã‚‡ã†ã‹ï¼Ÿ

ä¸€ç•ªè€ƒãˆã‚‰ã‚Œã‚‹ã‚±ãƒ¼ã‚¹ã¨ã—ã¦ã¯ã€ï¼ˆä½•ã‚‰ã‹ã®ç†ç”±ã§ï¼‰DBã‚’ç§»è¡Œã™ã‚‹ã“ã¨ã‚’è€ƒãˆã‚‹å ´åˆã€ç§»è¡Œ"å…ƒ"DBã¨ç§»è¡Œ"å…ˆ"DBã§ãƒ‡ãƒ¼ã‚¿ãŒä¸€è‡´ã—ã¦ã„ã‚‹ã‹ï¼Ÿã‚’ãƒ‡ãƒ¼ã‚¿ã‚’çªãåˆã‚ã›ç¢ºèªã—ãŸããªã‚‹ã¨æ€ã„ã¾ã™ã€‚

ã“ã®è¨˜äº‹ã§ã¯ã€MySQLï¼ˆã‚‚ã—ãã¯äº’æ›æ€§ã®ã‚ã‚‹DBï¼‰åŒå£«ã‚’æ¯”è¼ƒã™ã‚‹éš›ã«åˆ©ç”¨å¯èƒ½ãªsync-diff-inspectorã®ä½¿ã„ã‹ãŸã‚’ç´¹ä»‹ã—ã¾ã™ã€‚
â€»sync-diff-inspectorã¯TiDBã®ã‚³ãƒŸãƒ¥ãƒ‹ãƒ†ã‚£ãƒ„ãƒ¼ãƒ«ã§ã‚‚ã‚ã‚‹ãŸã‚ã€å®Ÿéš›ã«ã¯ç§»è¡Œå…ƒãŒMySQLã€ç§»è¡Œå…ˆãŒTiDBã®ã¨ãã®ãƒ‡ãƒ¼ã‚¿ãƒã‚§ãƒƒã‚¯ç›®çš„ã§ä¸€ç•ªåˆ©ç”¨ã•ã‚Œã¦ã„ã¾ã™ï¼ˆãŠãã‚‰ãï¼‰

# å…ˆã«ã¾ã¨ã‚ï¼šsync-diff-inspectorã¨ã¯ï¼Ÿ
sync-diff-inspectorã«ã¾ã¤ã‚ã‚‹å…¨ä½“ã®æ¦‚è¦³ã¯ä»¥ä¸‹ã§ã™ã€‚
![](/images/81e3edf80ecfc9/overview-sync-diff-inspector.png)

sync-diff-inspectorã¯ã€
* MySQLã¨TiDBåŒæ–¹ã§ä¿å­˜ã•ã‚Œã¦ã„ã‚‹ãƒ‡ãƒ¼ã‚¿ãŒä¸€è‡´ã—ã¦ã„ã‚‹ã‹ã‚’ç¢ºèªã™ã‚‹ã€ã¤ã¾ã‚Šã¯ãƒ‡ãƒ¼ã‚¿ã®å·®åˆ†ãƒã‚§ãƒƒã‚¯ãƒ„ãƒ¼ãƒ«ã§ã™ã€‚  
  â€»MySQL-MySQLã€TiDB-TiDBã§ã‚‚åˆ©ç”¨ã™ã‚‹ã“ã¨ãŒå¯èƒ½ã§ã™ã€‚
  â€»æ¯”è¼ƒå¯¾è±¡ã®ãƒ‡ãƒ¼ã‚¿ã«æ›´æ–°ãŒãªã„çŠ¶æ…‹ã§å®Ÿè¡Œã™ã‚‹ã“ã¨ã‚’å‰æã¨ã—ã¦ã„ã¾ã™ï¼ˆã‚ã‚‹é™æ­¢ç‚¹ã§ã®æ¯”è¼ƒã‚’è¦‹ã‚‹ã‚¤ãƒ¡ãƒ¼ã‚¸ï¼‰

* ãƒã‚§ãƒƒã‚¯ã ã‘ã§ãªãå·®åˆ†ã‚’è§£æ¶ˆã™ã‚‹ãŸã‚ã®SQLã‚¹ãƒ†ãƒ¼ãƒˆãƒ¡ãƒ³ãƒˆã‚‚ç”Ÿæˆã—ã¦ãã‚Œã¾ã™ã€‚
  â€»ï¼ˆã ã£ãŸã‚‰ãã‚‚ãã‚‚â€ç§»è¡Œãƒ„ãƒ¼ãƒ«â€ã¨ã—ã¦ã‚‚ä½¿ãˆã‚‹ã®ã§ã¯ï¼Ÿã¨æ€ã†ã‹ã‚‚ã—ã‚Œã¾ã›ã‚“ãŒã€ã•ã™ãŒã«å·®åˆ†ãŒã‚ã¾ã‚Šã«å¤§é‡ã ã¨ã—ã‚“ã©ã„ã¨æ€ã†ã®ã§ã€åŸºæœ¬çš„ã«ã¯å°‘é‡ã®ä¿®å¾©ãŒå¿…è¦ãªå ´åˆã®ç”¨é€”ã«é™ã£ãŸã»ã†ãŒè‰¯ã•ãã†ã§ã™ã€€â€»å¤©äº•ã¯æœªç¢ºèªï¼‰

ã¾ãŸã€TiDBã¯NewSQLï¼ˆã‚·ãƒ£ãƒ¼ãƒ‡ã‚£ãƒ³ã‚°è¨­è¨ˆã€å®Ÿè£…ä¸è¦ã§Writeã‚¹ã‚±ãƒ¼ãƒ«å¯èƒ½ï¼‰ã‚’è¬³ã£ã¦ã„ã‚‹ã“ã¨ã‚‚ã‚ã‚‹ãŸã‚ã€ã‚·ãƒ£ãƒ¼ãƒ‡ã‚£ãƒ³ã‚°ã•ã‚ŒãŸè¤‡æ•°ã®MySQLã‚’ã²ã¨ã¤ã®TiDBã¸ç§»è¡Œã™ã‚‹ï¼ˆã¾ã¨ã‚ã‚‹ï¼‰ã¨ã„ã†ç™ºæƒ³ã‚‚ã‚ã‚Šã€
ãã†ã„ã£ãŸã‚±ãƒ¼ã‚¹ã«ã‚‚å¿œãˆã‚‰ã‚Œã‚‹ã‚ˆã†ã«åŒæ–¹ã®DBé–“ã§
* åŒæ–¹ã®DBã§[ç•°ãªã‚‹ã‚¹ã‚­ãƒ¼ãƒ/ãƒ†ãƒ¼ãƒ–ãƒ«åã®ãƒ‡ãƒ¼ã‚¿ãƒã‚§ãƒƒã‚¯](https://docs.pingcap.com/tidb/stable/route-diff)
* [MySQLã§ã¯ã‚·ãƒ£ãƒ¼ãƒ‡ã‚£ãƒ³ã‚°ã•ã‚ŒãŸãƒ†ãƒ¼ãƒ–ãƒ«ã‚’TiDBã§ã¯ã²ã¨ã¤ã®ãƒ†ãƒ¼ãƒ–ãƒ«ã«ã¾ã¨ã‚ã‚‹ã€ã¨ã„ã†å‰æã§ã®ãƒ‡ãƒ¼ã‚¿ãƒã‚§ãƒƒã‚¯](https://docs.pingcap.com/tidb/stable/shard-diff)
ã¨ã„ã£ãŸãƒ‘ã‚¿ãƒ¼ãƒ³ã‚‚ã²ã‚ã£ã¦ãã‚Œã‚‹è¨­è¨ˆã«ãªã£ã¦ã„ã¾ã™ã€‚

è©³ã—ãã¯ä»¥ä¸‹ã®Docsã‚’ç¢ºèªã—ã¦ãã ã•ã„ã€‚
https://docs.pingcap.com/tidb/stable/sync-diff-inspector-overview


# ä½¿ã„æ–¹
## ã‚¤ãƒ³ã‚¹ãƒˆãƒ¼ãƒ«
ä»¥ä¸‹ã®Docsã«è¨˜è¼‰ã®é€šã‚Šã€tidb-community-toolkitã«å«ã¾ã‚Œã¦ã„ã¾ã™ã€‚

ä»¥ä¸‹ã§ãƒ€ã‚¦ãƒ³ãƒ­ãƒ¼ãƒ‰ã—ã¾ã™ã€‚
M1 Mac/macOS Ventura v13.1 
```
https://download.pingcap.org/tidb-community-toolkit-{version}-linux-{arch}.tar.gz
```
`{version}`ã¨`{arch}`ã¯ãŠä½¿ã„ã®ç’°å¢ƒã«åˆã‚ã›ã¦é©åˆ‡ãªãƒ¢ãƒã‚’æŒ‡å®šã—ã¦ãã ã•ã„ã€‚
ä¾‹ãˆã°ä»Šå›ã¯ä»¥ä¸‹ã®ã‚ˆã†ãªæŒ‡å®šã‚’ã—ã¾ã™ã€‚
```
https://download.pingcap.org/tidb-community-toolkit-v7.5.0-linux-arm64.tar.gz
```
ãƒ€ã‚¦ãƒ³ãƒ­ãƒ¼ãƒ‰ã—ãŸã‚‰å±•é–‹ã—ã€ãã®ä¸­ã«`sync_diff_inspector`ãŒã‚ã‚‹ã“ã¨ã‚’ç¢ºèªã—ã¾ã™ã€‚
ä»¥é™ã¯å±•é–‹ã—ãŸãƒ‡ã‚£ãƒ¬ã‚¯ãƒˆãƒªã§ä½œæ¥­ã‚’ã—ã¦ã„ãã¾ã™ã€‚

ã¡ãªã¿ã«Docker Imageã‚‚ã‚ã‚Šã¾ã™ã€‚
```
docker pull pingcap/tidb-tools:latest
```

## äº‹å‰æº–å‚™
äº‹å‰ã«æ¯”è¼ƒå¯¾è±¡ã®DBã§ã‚ã‚‹MySQLã¨TiDBã¯ã™ã§ã«ã‚ã‚‹å‰æã§è©±ã—ã‚’é€²ã‚ã¾ã™ã€‚
ãªãŠã€ã“ã“ã§ã¯åŒã˜ãƒ­ãƒ¼ã‚«ãƒ«ã«ãã‚Œãã‚Œç”¨æ„ã—ã¦ã„ã¾ã™ã€‚
â€»TiDBã«ã¤ã„ã¦ã¯tiup playgroundã‚’åˆ©ç”¨ã—ã¦ã„ã¾ã™

ãã®ä»–ã«ç”¨æ„ã™ã¹ãã¯ä»¥ä¸‹ã®ï¼’ã¤ã¨ãªã‚Šã¾ã™ã€‚
### 1. Outputãƒ•ã‚¡ã‚¤ãƒ«ã®å‡ºåŠ›å…ˆãƒ‡ã‚£ãƒ¬ã‚¯ãƒˆãƒªã®ä½œæˆ
å†’é ­ã§ç¤ºã—ãŸé€šã‚Šã€ã„ãã¤ã‹ã®outputãƒ•ã‚¡ã‚¤ãƒ«ãŒç”Ÿæˆã•ã‚Œã¾ã™ã®ã§ã€ãã®å‡ºåŠ›å…ˆãƒ‡ã‚£ãƒ¬ã‚¯ãƒˆãƒªã‚’ç”¨æ„ã—ã¦ãŠãã¾ã™ã€‚

### 2. Inputãƒ•ã‚¡ã‚¤ãƒ«ã®ä½œæˆ
`config.toml`ãƒ•ã‚¡ã‚¤ãƒ«ã‚’ç”¨æ„ã—ã¾ã™ã€‚
ãƒ•ã‚¡ã‚¤ãƒ«ã®ä¸­èº«ã¯ä»¥ä¸‹ã®å†…å®¹ã«ã—ã¾ã™ã€‚
```yaml
# Diff Configuration.
######################### Global config #########################
export-fix-sql = true
# check data also
check-struct-only = false

######################### Datasource config #########################
[data-sources]
[data-sources.mysql1]
    host = localhost
    port = 3306
    user = "root"
    password = ""
    route-rules = ["rule1"]

[data-sources.tidb0]
    host = "127.0.0.1"
    port = 4000
    user = "root"
    password = ""
    # snapshot = "386902609362944000"

########################### Routes ###########################
# mapping rules
[routes]
[routes.rule1]
schema-pattern = "test"      # source db
target-schema = "test"         # target db

######################### Task config #########################
[task]
    output-dir = "./sync_diff_inspector_files/output/syncdifftest"
    source-instances = ["mysql1"]
    target-instance = "tidb0"
    # target tables to be checked
    target-check-tables = ["test.test*"]
```

## å®Ÿè¡Œ
ä»¥ä¸‹ã®ã‚³ãƒãƒ³ãƒ‰ã‚’å®Ÿè¡Œã—ã¾ã™ã€‚äº‹å‰ã«è¨­å®šã—ãŸ`config.toml`ãƒ•ã‚¡ã‚¤ãƒ«ã‚’æŒ‡å®šã—ã¾ã™ã€‚
```
./sync_diff_inspector --config=./sync_diff_inspector_files/config.toml
```
## çµæœç¢ºèª


# sync-diff-inspectorå‹•ä½œæ¤œè¨¼
## ã‚±ãƒ¼ã‚¹â‘ ï¼šãƒ†ãƒ¼ãƒ–ãƒ«æ§‹é€ ãŒåŒã˜/é•ã†å ´åˆ
MySQLã¨TiDBãã‚Œãã‚Œã«ï¼’ã¤ã®ãƒ†ãƒ¼ãƒ–ãƒ«ã‚’ä½œæˆã—ã€ãã‚Œãã‚Œã‚’æ¯”è¼ƒã—ã¾ã™ã€‚

ä¸€æ–¹ã¯ï¼ˆã“ã“ã§ã¯`test05`ãƒ†ãƒ¼ãƒ–ãƒ«ï¼‰ãƒ†ãƒ¼ãƒ–ãƒ«æ§‹é€ ã¨ã—ã¦ä¸»ã‚­ãƒ¼ã®ã‚«ãƒ©ãƒ ã¯ä¸€è‡´ã€åˆ¥ã‚«ãƒ©ãƒ ã‚‚ä¸€è‡´ã‚±ãƒ¼ã‚¹ã€
ã‚‚ã†ä¸€æ–¹ã¯ï¼ˆã“ã“ã§ã¯`test06`ãƒ†ãƒ¼ãƒ–ãƒ«ï¼‰ãƒ†ãƒ¼ãƒ–ãƒ«æ§‹é€ ã¨ã—ã¦ä¸»ã‚­ãƒ¼ã®ã‚«ãƒ©ãƒ ã¯ä¸€è‡´ã€åˆ¥ã‚«ãƒ©ãƒ ã¯ä¸ä¸€è‡´ã‚±ãƒ¼ã‚¹ã¨ã—ã¾ã™ã€‚

ã©ã¡ã‚‰ã‚‚charset/collationã¯åŒã˜ã«ã—ã¾ã™ã€‚ï¼ˆ`CHARSET=utf8mb4`ã€`COLLATE=utf8mb4_bin`ï¼‰
â€»TiDBã¯ãƒ‡ãƒ•ã‚©ãƒ«ãƒˆãŒä¸Šè¨˜ã®ãƒ‘ã‚¿ãƒ¼ãƒ³ã«ãªã‚Šã¾ã™

### MySQL
MySQLã«ä»¥ä¸‹ã®ãƒ†ãƒ¼ãƒ–ãƒ«ã¨ãƒ‡ãƒ¼ã‚¿ã‚’æŒ¿å…¥
```sql
mysql> create table test05(id int not null primary key auto_increment, name varchar(64) )DEFAULT CHARSET=utf8mb4 COLLATE=utf8mb4_bin;
Query OK, 0 rows affected (0.02 sec)

mysql> create table test06(id int not null primary key auto_increment, name varchar(32) )DEFAULT CHARSET=utf8mb4 COLLATE=utf8mb4_bin;
Query OK, 0 rows affected (0.01 sec)
```
æŒ¿å…¥ãƒ‡ãƒ¼ã‚¿
```sql
mysql> insert into test05(name) values('AAA'),('bbb'),('CCC'),('ddd'),('eee');
Query OK, 5 rows affected (0.01 sec)
Records: 5  Duplicates: 0  Warnings: 0

mysql> insert into test06(name) values('AAA'),('bbb'),('CCC'),('ddd'),('eee');
Query OK, 5 rows affected (0.00 sec)
Records: 5  Duplicates: 0  Warnings: 0
```
### TiDB
TiDBã«ä»¥ä¸‹ã®ãƒ†ãƒ¼ãƒ–ãƒ«ã¨ãƒ‡ãƒ¼ã‚¿ã‚’æŒ¿å…¥
```sql
mysql> create table test05(id int not null primary key auto_increment, name varchar(64) );
Query OK, 0 rows affected (0.10 sec)

mysql> create table test06(id int not null primary key auto_increment, name varchar(64) );
Query OK, 0 rows affected (0.10 sec)
```
æŒ¿å…¥ãƒ‡ãƒ¼ã‚¿
```sql
mysql> insert into test05(name) values('AAA'),('bbb'),('ccc'),('DDD'),('fff');
Query OK, 5 rows affected (0.01 sec)
Records: 5  Duplicates: 0  Warnings: 0

mysql> insert into test06(name) values('AAA'),('bbb'),('ccc'),('DDD'),('fff');
Query OK, 5 rows affected (0.01 sec)
Records: 5  Duplicates: 0  Warnings: 0
```
### ãƒ‡ãƒ¼ã‚¿ã‚’ç¢ºèªï¼ˆå·®åˆ†ã®ç›®è¦–ãƒã‚§ãƒƒã‚¯ï¼‰
æŒ¿å…¥ã™ã‚‹ãƒ‡ãƒ¼ã‚¿ã¯`test05`ã€`test06`ã¯åŒä¸€ã¨ã—ã¾ã™ã€‚
ãŸã ã—ã€MySQLã¨TiDBã§ã¯å°‘ã—é•ã†ãƒ‡ãƒ¼ã‚¿ã‚’æŒ¿å…¥ã—ã¾ã™ã€‚

ã§ã¯ãƒ‡ãƒ¼ã‚¿ã‚’ç¢ºèªã€‚MySQLã€‚
```sql
mysql> select * from test05;
+----+------+
| id | name |
+----+------+
|  1 | AAA  |
|  2 | bbb  |
|  3 | CCC  |
|  4 | ddd  |
|  5 | eee  |
+----+------+
5 rows in set (0.00 sec)

mysql> select * from test06;
+----+------+
| id | name |
+----+------+
|  1 | AAA  |
|  2 | bbb  |
|  3 | CCC  |
|  4 | ddd  |
|  5 | eee  |
+----+------+
5 rows in set (0.00 sec)
```

TiDB
```sql
mysql> select * from test05;
+----+------+
| id | name |
+----+------+
|  1 | AAA  |
|  2 | bbb  |
|  3 | ccc  |
|  4 | DDD  |
|  5 | fff  |
+----+------+
5 rows in set (0.01 sec)

mysql> select * from test06;
+----+------+
| id | name |
+----+------+
|  1 | AAA  |
|  2 | bbb  |
|  3 | ccc  |
|  4 | DDD  |
|  5 | fff  |
+----+------+
5 rows in set (0.00 sec)
```

### sync-diff-inspectorå®Ÿè¡Œã€çµæœ
å®Ÿè¡Œæ™‚ã«èª­ã¿è¾¼ã¾ã›ã‚‹tomlãƒ•ã‚¡ã‚¤ãƒ«ã®ç¢ºèªï¼ˆ`sync-diff-config.toml`ï¼‰ã§ã™ã€‚
```yaml
# Diff Configuration.
######################### Global config #########################
export-fix-sql = true
# check data also
check-struct-only = false

######################### Datasource config #########################
[data-sources]
[data-sources.mysql1]
    host = <hostname>
    port = 3306
    user = "root"
    password = <password>
    route-rules = ["rule1"]

[data-sources.tidb0]
    host = "127.0.0.1"
    port = 4000
    user = "root"
    password = ""
    # snapshot = "386902609362944000"

########################### Routes ###########################
# mapping rules
[routes]
[routes.rule1]
schema-pattern = "test"      # source db
target-schema = "test"         # target db

######################### Task config #########################
[task]
    output-dir = "./output/syncdifftest10"
    source-instances = ["mysql1"]
    target-instance = "tidb0"
    # target tables to be checked
    target-check-tables = ["test.test*"]
```
ãƒ—ãƒ­ãƒ³ãƒ—ãƒˆã§å®Ÿè¡Œ
```
./sync_diff_inspector --config=../sync-diff-config.toml
```
ä»¥ä¸‹ã®ãƒ—ãƒ­ãƒ³ãƒ—ãƒˆä¸Šã§ã®å‡ºåŠ›çµæœã‚’ç¢ºèªã™ã‚‹ã¨ã€`test05`ã¯ãƒ†ãƒ¼ãƒ–ãƒ«æ§‹é€ ãƒã‚§ãƒƒã‚¯ã‚’`PASS`ã—ã€ãƒ‡ãƒ¼ã‚¿ãƒã‚§ãƒƒã‚¯ã§`failure`ï¼ˆå·®åˆ†ã‚ã‚Šï¼‰ã¨ãªã£ã¦ã„ã¾ã™ã€‚
ä¸€æ–¹ã§`test06`ã¯ãƒ†ãƒ¼ãƒ–ãƒ«æ§‹é€ ãƒã‚§ãƒƒã‚¯ã§`failure`ã¨ãªã£ã¦ãŠã‚Šã€å¾Œç¶šã®ãƒ‡ãƒ¼ã‚¿ãƒã‚§ãƒƒã‚¯ãƒ—ãƒ­ã‚»ã‚¹ã¯ã‚¹ã‚­ãƒƒãƒ—ã•ã‚Œã¦ã„ã¾ã™ã€‚

```
A total of 2 tables need to be compared

Comparing the table structure of ``test`.`test06`` ... failure
Comparing the table structure of ``test`.`test05`` ... equivalent
Comparing the table data of ``test`.`test05`` ... failure
_____________________________________________________________________________
Progress [============================================================>] 100% 0/0
The structure of `test`.`test06` is not equal, and data-check is skipped
The data of `test`.`test05` is not equal

The rest of tables are all equal.
The patch file has been generated in 
        'output/syncdifftest10/fix-on-tidb0/'
You can view the comparision details through './output/syncdifftest10/sync_diff.log'
```

ãã‚Œã§ã¯ã€ç”Ÿæˆã•ã‚ŒãŸã‚¢ã‚¦ãƒˆãƒ—ãƒƒãƒˆãƒ•ã‚¡ã‚¤ãƒ«ã‚’ç¢ºèªã—ã¦ã„ãã¾ã™ã€‚
ã‚¢ã‚¦ãƒˆãƒ—ãƒƒãƒˆï¼‘ï¼š`summary.txt`
```
Comparison Result

The table structure and data in following tables are equivalent

The following tables contains inconsistent data

+-----------------+--------------------+----------------+---------+-----------+
|      TABLE      | STRUCTURE EQUALITY | DATA DIFF ROWS | UPCOUNT | DOWNCOUNT |
+-----------------+--------------------+----------------+---------+-----------+
| `test`.`test06` | false              | +0/-0          |       0 |         0 |
| `test`.`test05` | true               | +3/-3          |       5 |         5 |
+-----------------+--------------------+----------------+---------+-----------+

Time Cost: 21.710874ms
Average Speed: 0.005271MB/s
```
ã‚¢ã‚¦ãƒˆãƒ—ãƒƒãƒˆï¼’ï¼š`sync_diff.log`ã€€â€»`ERROR`ã¨`WARN`ã®ã¿æŠœç²‹
```
[2023/12/20 14:21:56.546 +00:00] [ERROR] [utils.go:368] ["column properties not compatible"] ["upstream table"=test06] ["column name"=name] ["column type"=15] ["downstream table"=test06] ["column name"=name] ["column type"=15] [stack="github.com/pingcap/tidb-tools/sync_diff_inspector/utils.CompareStruct\n\t/home/jenkins/agent/workspace/build-common/go/src/github.com/pingcap/tidb-tools/sync_diff_inspector/utils/utils.go:368\nmain.(*Diff).compareStruct\n\t/home/jenkins/agent/workspace/build-common/go/src/github.com/pingcap/tidb-tools/sync_diff_inspector/diff.go:318\nmain.(*Diff).StructEqual\n\t/home/jenkins/agent/workspace/build-common/go/src/github.com/pingcap/tidb-tools/sync_diff_inspector/diff.go:302\nmain.checkSyncState\n\t/home/jenkins/agent/workspace/build-common/go/src/github.com/pingcap/tidb-tools/sync_diff_inspector/main.go:125\nmain.main\n\t/home/jenkins/agent/workspace/build-common/go/src/github.com/pingcap/tidb-tools/sync_diff_inspector/main.go:104\nruntime.main\n\t/usr/local/go/src/runtime/proc.go:250"]
ãƒ»
ãƒ»
ãƒ»
[2023/12/20 14:21:56.555 +00:00] [WARN] [utils.go:503] ["find different row"] [column=name] [row1="{ id: 3, name: CCC,  }"] [row2="{ id: 3, name: ccc,  }"]
[2023/12/20 14:21:56.555 +00:00] [WARN] [utils.go:503] ["find different row"] [column=name] [row1="{ id: 4, name: ddd,  }"] [row2="{ id: 4, name: DDD,  }"]
[2023/12/20 14:21:56.555 +00:00] [WARN] [utils.go:503] ["find different row"] [column=name] [row1="{ name: eee, id: 5,  }"] [row2="{ id: 5, name: fff,  }"]
ãƒ»
ãƒ»
ãƒ»
[2023/12/20 14:21:56.565 +00:00] [WARN] [main.go:105] ["check failed!!!"]
```
ã‚¢ã‚¦ãƒˆãƒ—ãƒƒãƒˆï¼“ï¼š`test:test05:1:0-0:0.sql`
```sql
-- table: test.test05
-- range in sequence: Full
/*
  DIFF COLUMNS â• `NAME`  
â•â•â•â•â•â•â•â•â•â•â•â•â•â•â•â•‹â•â•â•â•â•â•â•â•â•
  source data  â• 'CCC'   
â•â•â•â•â•â•â•â•â•â•â•â•â•â•â•â•‹â•â•â•â•â•â•â•â•â•
  target data  â• 'ccc'   
â•â•â•â•â•â•â•â•â•â•â•â•â•â•â•â•‹â•â•â•â•â•â•â•â•â•
*/
REPLACE INTO `test`.`test05`(`id`,`name`) VALUES (3,'CCC');
/*
  DIFF COLUMNS â• `NAME`  
â•â•â•â•â•â•â•â•â•â•â•â•â•â•â•â•‹â•â•â•â•â•â•â•â•â•
  source data  â• 'ddd'   
â•â•â•â•â•â•â•â•â•â•â•â•â•â•â•â•‹â•â•â•â•â•â•â•â•â•
  target data  â• 'DDD'   
â•â•â•â•â•â•â•â•â•â•â•â•â•â•â•â•‹â•â•â•â•â•â•â•â•â•
*/
REPLACE INTO `test`.`test05`(`id`,`name`) VALUES (4,'ddd');
/*
  DIFF COLUMNS â• `NAME`  
â•â•â•â•â•â•â•â•â•â•â•â•â•â•â•â•‹â•â•â•â•â•â•â•â•â•
  source data  â• 'eee'   
â•â•â•â•â•â•â•â•â•â•â•â•â•â•â•â•‹â•â•â•â•â•â•â•â•â•
  target data  â• 'fff'   
â•â•â•â•â•â•â•â•â•â•â•â•â•â•â•â•‹â•â•â•â•â•â•â•â•â•
*/
REPLACE INTO `test`.`test05`(`id`,`name`) VALUES (5,'eee');
```

## ã‚±ãƒ¼ã‚¹â‘¡ï¼šã‚¹ãƒ—ãƒ¬ãƒƒãƒ‰ã‚·ãƒ¼ãƒˆã®ãƒ‘ã‚¿ãƒ¼ãƒ³ test10ã¨test11
â€»ã‚¹ãƒ—ãƒ¬ãƒƒãƒ‰ã‚·ãƒ¼ãƒˆã®ãƒ‘ã‚¿ãƒ¼ãƒ³

ãƒ†ãƒ¼ãƒ–ãƒ«æ§‹é€ ã¯åŒã˜(charsetã‚‚åŒã˜ã ãŒ/collationã¯é•ã†)

### MySQL
```sql
mysql> create table test10(id varchar(64) not null primary key)DEFAULT CHARSET=utf8mb4 COLLATE=utf8mb4_general_ci;
Query OK, 0 rows affected (0.00 sec)

mysql> create table test11(id varchar(64) not null primary key)DEFAULT CHARSET=utf8mb4 COLLATE=utf8mb4_bin;
Query OK, 0 rows affected (0.01 sec)
```
```sql
mysql> insert into test10(id) values('a'),('B');
Query OK, 2 rows affected (0.00 sec)
Records: 2  Duplicates: 0  Warnings: 0

mysql> insert into test11(id) values('A'),('a'),('B'),('b');
Query OK, 4 rows affected (0.00 sec)
Records: 4  Duplicates: 0  Warnings: 0
```
å½“ãŸã‚Šå‰ã§ã™ãŒã€`test10`ã«ä»¥ä¸‹ã®ãƒ¬ã‚³ãƒ¼ãƒ‰ã¯å…¥ã‚Šã¾ã›ã‚“ã€‚
```sql
mysql> insert into test10(id) values('A');
ERROR 1062 (23000): Duplicate entry 'A' for key 'PRIMARY'
mysql> insert into test10(id) values('b');
ERROR 1062 (23000): Duplicate entry 'b' for key 'PRIMARY'
```

### TiDB
```sql
mysql> create table test10(id varchar(64) not null primary key)DEFAULT CHARSET=utf8mb4 COLLATE=utf8mb4_bin;
Query OK, 0 rows affected (0.09 sec)

mysql> create table test11(id varchar(64) not null primary key)DEFAULT CHARSET=utf8mb4 COLLATE=utf8mb4_general_ci;
Query OK, 0 rows affected (0.09 sec)
```
```sql
mysql> insert into test10(id) values('A'),('a'),('B'),('b');
Query OK, 4 rows affected (0.00 sec)
Records: 4  Duplicates: 0  Warnings: 0

mysql> insert into test11(id) values('a'),('B');
Query OK, 2 rows affected (0.01 sec)
Records: 2  Duplicates: 0  Warnings: 0
```
ã‚‚ã¡ã‚ã‚“TiDBã§ã‚‚MySQLã¨åŒæ§˜ã«ä»¥ä¸‹ã®ã‚ˆã†ãªãƒ¬ã‚³ãƒ¼ãƒ‰ã¯å…¥ã‚Šã¾ã›ã‚“ã€‚
```sql
mysql> insert into test11(id) values('A'),('b');
ERROR 1062 (23000): Duplicate entry 'A' for key 'test11.PRIMARY'
mysql> insert into test11(id) values('b');
ERROR 1062 (23000): Duplicate entry 'b' for key 'test11.PRIMARY'
```
### ãƒ‡ãƒ¼ã‚¿ã‚’ç¢ºèªï¼ˆå·®åˆ†ã®ç›®è¦–ãƒã‚§ãƒƒã‚¯ï¼‰
æŒ¿å…¥ã™ã‚‹ãƒ‡ãƒ¼ã‚¿ã¯`test10`ã€`test11`

ã§ã¯ãƒ‡ãƒ¼ã‚¿ã‚’ç¢ºèªã€‚MySQLã€‚
```sql
mysql> select * from test10;
+----+
| id |
+----+
| a  |
| B  |
+----+
2 rows in set (0.00 sec)

mysql> select * from test11;
+----+
| id |
+----+
| A  |
| B  |
| a  |
| b  |
+----+
4 rows in set (0.00 sec)
```

TiDB
```sql
mysql> select * from test10;
+----+
| id |
+----+
| A  |
| B  |
| a  |
| b  |
+----+
4 rows in set (0.00 sec)

mysql> select * from test11;
+----+
| id |
+----+
| a  |
| B  |
+----+
2 rows in set (0.00 sec)
```

### sync-diff-inspectorå®Ÿè¡Œã€çµæœ
å®Ÿè¡Œæ™‚ã«èª­ã¿è¾¼ã¾ã›ã‚‹tomlãƒ•ã‚¡ã‚¤ãƒ«ã®ç¢ºèªï¼ˆ`sync-diff-config.toml`ï¼‰ã§ã™ã€‚
```
```
ãƒ—ãƒ­ãƒ³ãƒ—ãƒˆã§å®Ÿè¡Œ
```
./sync_diff_inspector --config=../sync-diff-config.toml
```
ä»¥ä¸‹ã®ãƒ—ãƒ­ãƒ³ãƒ—ãƒˆä¸Šã§ã®å‡ºåŠ›çµæœã‚’ç¢ºèªã™ã‚‹ã¨ã€`test10`ã¯

```
A total of 2 tables need to be compared

Comparing the table structure of ``test`.`test11`` ... equivalent
Comparing the table structure of ``test`.`test10`` ... equivalent
Comparing the table data of ``test`.`test11`` ... failure
Comparing the table data of ``test`.`test10`` ... failure
_____________________________________________________________________________
Progress [============================================================>] 100% 0/0
The data of `test`.`test11` is not equal
The data of `test`.`test10` is not equal

The rest of tables are all equal.
The patch file has been generated in 
        'output/syncdifftest10and11/fix-on-tidb0/'
You can view the comparision details through './output/syncdifftest10and11/sync_diff.log'
```
ã‚¢ã‚¦ãƒˆãƒ—ãƒƒãƒˆï¼‘ï¼š`summary.txt`
```
Comparison Result

The table structure and data in following tables are equivalent

The following tables contains inconsistent data

+-----------------+--------------------+----------------+---------+-----------+
|      TABLE      | STRUCTURE EQUALITY | DATA DIFF ROWS | UPCOUNT | DOWNCOUNT |
+-----------------+--------------------+----------------+---------+-----------+
| `test`.`test11` | true               | +3/-1          |       4 |         2 |
| `test`.`test10` | true               | +1/-3          |       2 |         4 |
+-----------------+--------------------+----------------+---------+-----------+

Time Cost: 20.6737ms
Average Speed: 0.000554MB/s
```
ã‚¢ã‚¦ãƒˆãƒ—ãƒƒãƒˆï¼’ï¼š`sync_diff.log`ã€€â€»`ERROR`ã¨`WARN`ã®ã¿æŠœç²‹
```
[2023/12/20 15:43:27.097 +00:00] [WARN] [utils.go:311] ["Ignoring collation differences"] ["column name"=id] ["collation source"=utf8mb4_bin] ["collation target"=utf8mb4_general_ci]
ãƒ»
ãƒ»
ãƒ»
[2023/12/20 15:43:27.099 +00:00] [INFO] [tidb.go:57] ["failed to build bucket iterator, fall back to use random iterator"] [error="primary key on id in buckets info not found"] [errorVerbose="primary key on id in buckets info not found\ngithub.com/pingcap/errors.NotFoundf\n\t/go/pkg/mod/github.com/pingcap/errors@v0.11.5-0.20211224045212-9687c2b0f87c/juju_adaptor.go:117\ngithub.com/pingcap/tidb-tools/pkg/dbutil.GetBucketsInfo\n\t/home/jenkins/agent/workspace/build-common/go/src/github.com/pingcap/tidb-tools/pkg/dbutil/common.go:576\ngithub.com/pingcap/tidb-tools/sync_diff_inspector/splitter.(*BucketIterator).init\n\t/home/jenkins/agent/workspace/build-common/go/src/github.com/pingcap/tidb-tools/sync_diff_inspector/splitter/bucket.go:139\ngithub.com/pingcap/tidb-tools/sync_diff_inspector/splitter.NewBucketIteratorWithCheckpoint\n\t/home/jenkins/agent/workspace/build-common/go/src/github.com/pingcap/tidb-tools/sync_diff_inspector/splitter/bucket.go:80\ngithub.com/pingcap/tidb-tools/sync_diff_inspector/source.(*TiDBTableAnalyzer).AnalyzeSplitter\n\t/home/jenkins/agent/workspace/build-common/go/src/github.com/pingcap/tidb-tools/sync_diff_inspector/source/tidb.go:53\ngithub.com/pingcap/tidb-tools/sync_diff_inspector/source.(*ChunksIterator).produceChunks.func3\n\t/home/jenkins/agent/workspace/build-common/go/src/github.com/pingcap/tidb-tools/sync_diff_inspector/source/chunks_iter.go:133\ngithub.com/pingcap/tidb-tools/sync_diff_inspector/utils.(*WorkerPool).Apply.func1\n\t/home/jenkins/agent/workspace/build-common/go/src/github.com/pingcap/tidb-tools/sync_diff_inspector/utils/utils.go:75\nruntime.goexit\n\t/usr/local/go/src/runtime/asm_amd64.s:1571"]
[2023/12/20 15:43:27.100 +00:00] [INFO] [tidb.go:57] ["failed to build bucket iterator, fall back to use random iterator"] [error="primary key on id in buckets info not found"] [errorVerbose="primary key on id in buckets info not found\ngithub.com/pingcap/errors.NotFoundf\n\t/go/pkg/mod/github.com/pingcap/errors@v0.11.5-0.20211224045212-9687c2b0f87c/juju_adaptor.go:117\ngithub.com/pingcap/tidb-tools/pkg/dbutil.GetBucketsInfo\n\t/home/jenkins/agent/workspace/build-common/go/src/github.com/pingcap/tidb-tools/pkg/dbutil/common.go:576\ngithub.com/pingcap/tidb-tools/sync_diff_inspector/splitter.(*BucketIterator).init\n\t/home/jenkins/agent/workspace/build-common/go/src/github.com/pingcap/tidb-tools/sync_diff_inspector/splitter/bucket.go:139\ngithub.com/pingcap/tidb-tools/sync_diff_inspector/splitter.NewBucketIteratorWithCheckpoint\n\t/home/jenkins/agent/workspace/build-common/go/src/github.com/pingcap/tidb-tools/sync_diff_inspector/splitter/bucket.go:80\ngithub.com/pingcap/tidb-tools/sync_diff_inspector/source.(*TiDBTableAnalyzer).AnalyzeSplitter\n\t/home/jenkins/agent/workspace/build-common/go/src/github.com/pingcap/tidb-tools/sync_diff_inspector/source/tidb.go:53\ngithub.com/pingcap/tidb-tools/sync_diff_inspector/source.(*ChunksIterator).produceChunks.func3\n\t/home/jenkins/agent/workspace/build-common/go/src/github.com/pingcap/tidb-tools/sync_diff_inspector/source/chunks_iter.go:133\ngithub.com/pingcap/tidb-tools/sync_diff_inspector/utils.(*WorkerPool).Apply.func1\n\t/home/jenkins/agent/workspace/build-common/go/src/github.com/pingcap/tidb-tools/sync_diff_inspector/utils/utils.go:75\nruntime.goexit\n\t/usr/local/go/src/runtime/asm_amd64.s:1571"]
ãƒ»
ãƒ»
ãƒ»
[2023/12/20 15:43:27.103 +00:00] [WARN] [utils.go:507] ["target lack data"] [row="{ id: A,  }"]
[2023/12/20 15:43:27.103 +00:00] [WARN] [utils.go:507] ["target lack data"] [row="{ id: B,  }"]
[2023/12/20 15:43:27.103 +00:00] [WARN] [utils.go:505] ["target had superfluous data"] [row="{ id: B,  }"]
[2023/12/20 15:43:27.104 +00:00] [WARN] [utils.go:505] ["target had superfluous data"] [row="{ id: A,  }"]
[2023/12/20 15:43:27.104 +00:00] [WARN] [utils.go:505] ["target had superfluous data"] [row="{ id: B,  }"]
[2023/12/20 15:43:27.104 +00:00] [WARN] [utils.go:507] ["target lack data"] [row="{ id: B,  }"]
ãƒ»
ãƒ»
ãƒ»
[2023/12/20 15:43:27.116 +00:00] [WARN] [main.go:105] ["check failed!!!"]
```
ã‚¢ã‚¦ãƒˆãƒ—ãƒƒãƒˆï¼“-1ï¼š`test:test10:1:0-0:0.sql`
```sql
-- table: test.test10
-- range in sequence: Full
DELETE FROM `test`.`test10` WHERE `id` = 'A' LIMIT 1;
DELETE FROM `test`.`test10` WHERE `id` = 'B' LIMIT 1;
REPLACE INTO `test`.`test10`(`id`) VALUES ('B');
DELETE FROM `test`.`test10` WHERE `id` = 'b' LIMIT 1;
```
ã‚¢ã‚¦ãƒˆãƒ—ãƒƒãƒˆï¼“-2ï¼š`test:test11:0:0-0:0.sql`
```sql
-- table: test.test11
-- range in sequence: Full
REPLACE INTO `test`.`test11`(`id`) VALUES ('A');
REPLACE INTO `test`.`test11`(`id`) VALUES ('B');
DELETE FROM `test`.`test11` WHERE `id` = 'B' LIMIT 1;
REPLACE INTO `test`.`test11`(`id`) VALUES ('b');
```


## ã‚±ãƒ¼ã‚¹â‘¡ï¼šã‚¹ãƒ—ãƒ¬ãƒƒãƒ‰ã‚·ãƒ¼ãƒˆã®ãƒ‘ã‚¿ãƒ¼ãƒ³ test20
â€»ã‚¹ãƒ—ãƒ¬ãƒƒãƒ‰ã‚·ãƒ¼ãƒˆã®ãƒ‘ã‚¿ãƒ¼ãƒ³

ãƒ†ãƒ¼ãƒ–ãƒ«æ§‹é€ ã¯åŒã˜(charsetã‚‚åŒã˜ã ãŒ/collationã¯é•ã†)

### MySQL
```sql
mysql> create table test20(id varchar(64) not null primary key)DEFAULT CHARSET=utf8mb4 COLLATE=utf8mb4_general_ci;
Query OK, 0 rows affected (0.01 sec)

mysql> insert into test20(id) values('a'),('B');
Query OK, 2 rows affected (0.00 sec)
Records: 2  Duplicates: 0  Warnings: 0
```

### TiDB
```sql
mysql> create table test20(id varchar(64) not null primary key)DEFAULT CHARSET=utf8mb4 COLLATE=utf8mb4_bin;
Query OK, 0 rows affected (0.10 sec)

mysql> insert into test20(id) values('A'),('a'),('B'),('b');
Query OK, 4 rows affected (0.00 sec)
Records: 4  Duplicates: 0  Warnings: 0
```
### ãƒ‡ãƒ¼ã‚¿ã‚’ç¢ºèªï¼ˆå·®åˆ†ã®ç›®è¦–ãƒã‚§ãƒƒã‚¯ï¼‰
æŒ¿å…¥ã™ã‚‹ãƒ‡ãƒ¼ã‚¿ã¯`test10`ã€`test11`

ã§ã¯ãƒ‡ãƒ¼ã‚¿ã‚’ç¢ºèªã€‚MySQLã€‚
```sql
mysql> select * from test20;
+----+
| id |
+----+
| a  |
| B  |
+----+
2 rows in set (0.00 sec)
```

TiDB
```sql
mysql> select * from test20;
+----+
| id |
+----+
| A  |
| B  |
| a  |
| b  |
+----+
4 rows in set (0.00 sec)
```

### sync-diff-inspectorå®Ÿè¡Œã€çµæœ
å®Ÿè¡Œæ™‚ã«èª­ã¿è¾¼ã¾ã›ã‚‹tomlãƒ•ã‚¡ã‚¤ãƒ«ã®ç¢ºèªï¼ˆ`sync-diff-config_with_collation_20.toml`ï¼‰ã§ã™ã€‚
```yaml
# Diff Configuration.
######################### Global config #########################
export-fix-sql = true
# check data also
check-struct-only = false

######################### Datasource config #########################
[data-sources]
[data-sources.mysql1]
    host = "172.10.60.39"
    port = 3306
    user = "root"
    password = "T@ichi0108"
    route-rules = ["rule1"]

[data-sources.tidb0]
    host = "127.0.0.1"
    port = 4000
    user = "root"
    password = ""
    # snapshot = "386902609362944000"

########################### Routes ###########################
# mapping rules
[routes]
[routes.rule1]
schema-pattern = "test"      # source db
target-schema = "test"         # target db
######################### Task config #########################
[task]
    output-dir = "./output/syncdifftest20"
    source-instances = ["mysql1"]
    target-instance = "tidb0"
    # target tables to be checked
    target-check-tables = ["test.test20"]
######################### Table config #########################
# Special configurations for specific tables. The tables to be configured must be in `task.target-check-tables`.
[table-configs.config1]
# The name of the target table, you can use regular expressions to match multiple tables, but one table is not allowed to be matched by multiple special configurations at the same time.
target-tables = ["test.test20"]
# (optional) Specifies the "collation" for the table. If not specified, this configuration can be deleted or be set as an empty string.
collation = "utf8mb4_general_ci"
```
ãƒ—ãƒ­ãƒ³ãƒ—ãƒˆã§å®Ÿè¡Œ
```
./sync_diff_inspector --config=../sync-diff-config_with_collation_20.toml
```
ä»¥ä¸‹ã®ãƒ—ãƒ­ãƒ³ãƒ—ãƒˆä¸Šã§ã®å‡ºåŠ›çµæœã‚’ç¢ºèªã™ã‚‹ã¨ã€`test20`ã¯

```
A total of 1 tables need to be compared

Comparing the table structure of ``test`.`test20`` ... equivalent
Comparing the table data of ``test`.`test20`` ... failure
_____________________________________________________________________________
Progress [============================================================>] 100% 0/0
The data of `test`.`test20` is not equal

The rest of tables are all equal.
The patch file has been generated in 
        'output/syncdifftest20/fix-on-tidb0/'
You can view the comparision details through './output/syncdifftest20/sync_diff.log'
```
ã‚¢ã‚¦ãƒˆãƒ—ãƒƒãƒˆï¼‘ï¼š`summary.txt`
```
Comparison Result

The table structure and data in following tables are equivalent

The following tables contains inconsistent data

+-----------------+--------------------+----------------+---------+-----------+
|      TABLE      | STRUCTURE EQUALITY | DATA DIFF ROWS | UPCOUNT | DOWNCOUNT |
+-----------------+--------------------+----------------+---------+-----------+
| `test`.`test20` | true               | +1/-3          |       2 |         4 |
+-----------------+--------------------+----------------+---------+-----------+

Time Cost: 12.374444ms
Average Speed: 0.000617MB/s
```
ã‚¢ã‚¦ãƒˆãƒ—ãƒƒãƒˆï¼’ï¼š`sync_diff.log`ã€€â€»`ERROR`ã¨`WARN`ã®ã¿æŠœç²‹
```
[2023/12/20 16:32:23.797 +00:00] [WARN] [utils.go:505] ["target had superfluous data"] [row="{ id: A,  }"]
[2023/12/20 16:32:23.797 +00:00] [WARN] [utils.go:505] ["target had superfluous data"] [row="{ id: B,  }"]
[2023/12/20 16:32:23.797 +00:00] [WARN] [utils.go:507] ["target lack data"] [row="{ id: B,  }"]
ãƒ»
ãƒ»
ãƒ»
[2023/12/20 16:32:23.804 +00:00] [WARN] [main.go:105] ["check failed!!!"]
```
ã‚¢ã‚¦ãƒˆãƒ—ãƒƒãƒˆï¼“ï¼š`test:test20:0:0-0:0.sql`
```sql
-- table: test.test20
-- range in sequence: Full
DELETE FROM `test`.`test20` WHERE `id` = 'A' LIMIT 1;
DELETE FROM `test`.`test20` WHERE `id` = 'B' LIMIT 1;
REPLACE INTO `test`.`test20`(`id`) VALUES ('B');
DELETE FROM `test`.`test20` WHERE `id` = 'b' LIMIT 1;
```

## ã‚±ãƒ¼ã‚¹â‘¢ï¼šã‚¹ãƒ—ãƒ¬ãƒƒãƒ‰ã‚·ãƒ¼ãƒˆã®ãƒ‘ã‚¿ãƒ¼ãƒ³ test21
â€»ã‚¹ãƒ—ãƒ¬ãƒƒãƒ‰ã‚·ãƒ¼ãƒˆã®ãƒ‘ã‚¿ãƒ¼ãƒ³

ãƒ†ãƒ¼ãƒ–ãƒ«æ§‹é€ ã¯åŒã˜(charsetã‚‚åŒã˜ã ãŒ/collationã¯é•ã†)

### MySQL
```sql
mysql> create table test21(id varchar(64) not null primary key)DEFAULT CHARSET=utf8mb4 COLLATE=utf8mb4_bin;
Query OK, 0 rows affected (0.01 sec)

mysql> insert into test21(id) values('A'),('a'),('B'),('b');
Query OK, 4 rows affected (0.00 sec)
Records: 4  Duplicates: 0  Warnings: 0
```

### TiDB
```sql
mysql> create table test21(id varchar(64) not null primary key)DEFAULT CHARSET=utf8mb4 COLLATE=utf8mb4_general_ci;
Query OK, 0 rows affected (0.10 sec)

mysql> insert into test21(id) values('a'),('B');
Query OK, 2 rows affected (0.00 sec)
Records: 2  Duplicates: 0  Warnings: 0
```
### ãƒ‡ãƒ¼ã‚¿ã‚’ç¢ºèªï¼ˆå·®åˆ†ã®ç›®è¦–ãƒã‚§ãƒƒã‚¯ï¼‰
æŒ¿å…¥ã™ã‚‹ãƒ‡ãƒ¼ã‚¿ã¯`test21`

ã§ã¯ãƒ‡ãƒ¼ã‚¿ã‚’ç¢ºèªã€‚MySQLã€‚
```sql
mysql> select * from test21;
+----+
| id |
+----+
| A  |
| B  |
| a  |
| b  |
+----+
4 rows in set (0.00 sec)
```

TiDB
```sql
mysql> select * from test21;
+----+
| id |
+----+
| a  |
| B  |
+----+
2 rows in set (0.00 sec)
```

### sync-diff-inspectorå®Ÿè¡Œã€çµæœ
å®Ÿè¡Œæ™‚ã«èª­ã¿è¾¼ã¾ã›ã‚‹tomlãƒ•ã‚¡ã‚¤ãƒ«ã®ç¢ºèªï¼ˆ`sync-diff-config_with_collation_21.toml`ï¼‰ã§ã™ã€‚
```yaml
# Diff Configuration.
######################### Global config #########################
export-fix-sql = true
# check data also
check-struct-only = false

######################### Datasource config #########################
[data-sources]
[data-sources.mysql1]
    host = "172.10.60.39"
    port = 3306
    user = "root"
    password = "T@ichi0108"
    route-rules = ["rule1"]

[data-sources.tidb0]
    host = "127.0.0.1"
    port = 4000
    user = "root"
    password = ""
    # snapshot = "386902609362944000"

########################### Routes ###########################
# mapping rules
[routes]
[routes.rule1]
schema-pattern = "test"      # source db
target-schema = "test"         # target db
######################### Task config #########################
[task]
    output-dir = "./output/syncdifftest21"
    source-instances = ["mysql1"]
    target-instance = "tidb0"
    # target tables to be checked
    target-check-tables = ["test.test21"]
######################### Table config #########################
# Special configurations for specific tables. The tables to be configured must be in `task.target-check-tables`.
[table-configs.config1]
# The name of the target table, you can use regular expressions to match multiple tables, but one table is not allowed to be matched by multiple special configurations at the same time.
target-tables = ["test.test21"]
# (optional) Specifies the "collation" for the table. If not specified, this configuration can be deleted or be set as an empty string.
collation = "utf8mb4_bin"
```
ãƒ—ãƒ­ãƒ³ãƒ—ãƒˆã§å®Ÿè¡Œ
```
./sync_diff_inspector --config=../sync-diff-config_with_collation_21.toml
```
ä»¥ä¸‹ã®ãƒ—ãƒ­ãƒ³ãƒ—ãƒˆä¸Šã§ã®å‡ºåŠ›çµæœã‚’ç¢ºèªã™ã‚‹ã¨ã€`test20`ã¯

```
A total of 1 tables need to be compared

Comparing the table structure of ``test`.`test21`` ... equivalent
Comparing the table data of ``test`.`test21`` ... failure
_____________________________________________________________________________
Progress [============================================================>] 100% 0/0
The data of `test`.`test21` is not equal

The rest of tables are all equal.
The patch file has been generated in 
        'output/syncdifftest21/fix-on-tidb0/'
You can view the comparision details through './output/syncdifftest21/sync_diff.log'
```
ã‚¢ã‚¦ãƒˆãƒ—ãƒƒãƒˆï¼‘ï¼š`summary.txt`
```
Comparison Result

The table structure and data in following tables are equivalent

The following tables contains inconsistent data

+-----------------+--------------------+----------------+---------+-----------+
|      TABLE      | STRUCTURE EQUALITY | DATA DIFF ROWS | UPCOUNT | DOWNCOUNT |
+-----------------+--------------------+----------------+---------+-----------+
| `test`.`test21` | true               | +3/-1          |       4 |         2 |
+-----------------+--------------------+----------------+---------+-----------+

Time Cost: 12.816402ms
Average Speed: 0.000298MB/s
```
ã‚¢ã‚¦ãƒˆãƒ—ãƒƒãƒˆï¼’ï¼š`sync_diff.log`ã€€â€»`ERROR`ã¨`WARN`ã®ã¿æŠœç²‹
```
[2023/12/20 16:43:36.040 +00:00] [WARN] [utils.go:311] ["Ignoring collation differences"] ["column name"=id] ["collation source"=utf8mb4_bin] ["collation target"=utf8mb4_general_ci]
ãƒ»
ãƒ»
ãƒ»
[2023/12/20 16:43:36.044 +00:00] [WARN] [utils.go:507] ["target lack data"] [row="{ id: A,  }"]
[2023/12/20 16:43:36.044 +00:00] [WARN] [utils.go:507] ["target lack data"] [row="{ id: B,  }"]
[2023/12/20 16:43:36.044 +00:00] [WARN] [utils.go:505] ["target had superfluous data"] [row="{ id: B,  }"]
[2023/12/20 16:43:36.044 +00:00] [INFO] [diff.go:722] ["write sql channel closed"]
[2023/12/20 16:43:36.044 +00:00] [INFO] [diff.go:713] ["close writeSQLs goroutine"]
[2023/12/20 16:43:36.044 +00:00] [INFO] [diff.go:403] ["Stop do checkpoint"]
[2023/12/20 16:43:36.045 +00:00] [INFO] [checkpoints.go:225] ["save checkpoint"] [chunk="{\"state\":\"failed\",\"chunk-range\":{\"index\":{\"table-index\":0,\"bucket-index-left\":0,\"bucket-index-right\":0,\"chunk-index\":0,\"chunk-count\":1},\"type\":2,\"bounds\":[],\"is-first\":false,\"is-last\":false,\"where\":\"((TRUE) AND (TRUE))\",\"args\":null},\"index-id\":0}"] [state=failed]
[2023/12/20 16:43:36.045 +00:00] [INFO] [diff.go:377] ["close handleCheckpoint goroutine"]
[2023/12/20 16:43:36.050 +00:00] [INFO] [main.go:114] ["check data finished"] [cost=23.280609ms]
[2023/12/20 16:43:36.050 +00:00] [WARN] [main.go:105] ["check failed!!!"]
```
ã‚¢ã‚¦ãƒˆãƒ—ãƒƒãƒˆï¼“ï¼š`test:test21:0:0-0:0.sql`
```sql
-- table: test.test21
-- range in sequence: Full
REPLACE INTO `test`.`test21`(`id`) VALUES ('A');
REPLACE INTO `test`.`test21`(`id`) VALUES ('B');
DELETE FROM `test`.`test21` WHERE `id` = 'B' LIMIT 1;
REPLACE INTO `test`.`test21`(`id`) VALUES ('b');
```
